// Jest Snapshot v1, https://goo.gl/fbAQLP

exports[`Popular Card Snapshot should render 1`] = `null`;
